[2025-10-29 15:58:17] ENTRADA MODELO:
Array
(
    [tipo_documento] => 1
    [numero_documento] => 71234565
    [razon_social] => DEYBI TORRES BECERRA
    [direccion] => AV. LA TORRE N° 2332
    [telefono] => 
    [telefono_type] => string
    [telefono_length] => 0
    [telefono_empty] => SI
    [departamento] => APURIMAC
    [provincia] => ABANCAY
    [distrito] => ABANCAY
    [ubigeo] => 030101
)

[2025-10-29 15:58:17] VALORES BIND:
  1: '1'
  2: '71234565'
  3: 'DEYBI TORRES BECERRA'
  4: 'AV. LA TORRE N° 2332'
  5: '' <-- TELEFONO
  6: 'APURIMAC'
  7: 'ABANCAY'
  8: 'ABANCAY'
  9: '030101'
[2025-10-29 15:58:17] CLIENTE GUARDADO EN BD:
Array
(
    [id_cliente] => 45
    [tipo_documento] => 1
    [numero_documento] => 71234565
    [razon_social] => DEYBI TORRES BECERRA
    [nombre_comercial] => 
    [direccion] => AV. LA TORRE N° 2332
    [telefono] => 
    [email] => 
    [ubigeo] => 030101
    [departamento] => APURIMAC
    [provincia] => ABANCAY
    [distrito] => ABANCAY
    [activo] => 1
    [created_at] => 2025-10-29 15:58:17
    [updated_at] => 2025-10-29 15:58:17
)

================================================================================
[2025-10-29 16:08:22] ENTRADA MODELO:
Array
(
    [tipo_documento] => 1
    [numero_documento] => 73652144
    [razon_social] => ANA PATRICIA TEJADA LEON
    [direccion] => AV. PERU N° 233
    [telefono] => 
    [telefono_type] => string
    [telefono_length] => 0
    [telefono_empty] => SI
    [departamento] => APURIMAC
    [provincia] => ABANCAY
    [distrito] => ABANCAY
    [ubigeo] => 030101
)

[2025-10-29 16:08:22] VALORES BIND:
  1: '1'
  2: '73652144'
  3: 'ANA PATRICIA TEJADA LEON'
  4: 'AV. PERU N° 233'
  5: '' <-- TELEFONO
  6: 'APURIMAC'
  7: 'ABANCAY'
  8: 'ABANCAY'
  9: '030101'
[2025-10-29 16:08:22] CLIENTE GUARDADO EN BD:
Array
(
    [id_cliente] => 46
    [tipo_documento] => 1
    [numero_documento] => 73652144
    [razon_social] => ANA PATRICIA TEJADA LEON
    [nombre_comercial] => 
    [direccion] => AV. PERU N° 233
    [telefono] => 
    [email] => 
    [ubigeo] => 030101
    [departamento] => APURIMAC
    [provincia] => ABANCAY
    [distrito] => ABANCAY
    [activo] => 1
    [created_at] => 2025-10-29 16:08:22
    [updated_at] => 2025-10-29 16:08:22
)

================================================================================
[2025-10-29 16:10:00] ENTRADA MODELO:
Array
(
    [tipo_documento] => 1
    [numero_documento] => 72645854
    [razon_social] => KEVIN OMAR LLOSA VALDIVIA
    [direccion] => AV. PERUI N° 233
    [telefono] => 
    [telefono_type] => string
    [telefono_length] => 0
    [telefono_empty] => SI
    [departamento] => APURIMAC
    [provincia] => ABANCAY
    [distrito] => ABANCAY
    [ubigeo] => 030101
)

[2025-10-29 16:10:00] VALORES BIND:
  1: '1'
  2: '72645854'
  3: 'KEVIN OMAR LLOSA VALDIVIA'
  4: 'AV. PERUI N° 233'
  5: '' <-- TELEFONO
  6: 'APURIMAC'
  7: 'ABANCAY'
  8: 'ABANCAY'
  9: '030101'
[2025-10-29 16:10:00] CLIENTE GUARDADO EN BD:
Array
(
    [id_cliente] => 47
    [tipo_documento] => 1
    [numero_documento] => 72645854
    [razon_social] => KEVIN OMAR LLOSA VALDIVIA
    [nombre_comercial] => 
    [direccion] => AV. PERUI N° 233
    [telefono] => 
    [email] => 
    [ubigeo] => 030101
    [departamento] => APURIMAC
    [provincia] => ABANCAY
    [distrito] => ABANCAY
    [activo] => 1
    [created_at] => 2025-10-29 16:10:00
    [updated_at] => 2025-10-29 16:10:00
)

================================================================================
[2025-10-29 16:59:05] ENTRADA MODELO:
Array
(
    [tipo_documento] => 1
    [numero_documento] => 72885522
    [razon_social] => RENAN SEBASTIAN TUBILLA CASANOVA
    [direccion] => AV. DIAZ BARCENAS N° 233
    [telefono] => 
    [telefono_type] => string
    [telefono_length] => 0
    [telefono_empty] => SI
    [departamento] => APURIMAC
    [provincia] => ABANCAY
    [distrito] => ABANCAY
    [ubigeo] => 030101
)

[2025-10-29 16:59:05] VALORES BIND:
  1: '1'
  2: '72885522'
  3: 'RENAN SEBASTIAN TUBILLA CASANOVA'
  4: 'AV. DIAZ BARCENAS N° 233'
  5: '' <-- TELEFONO
  6: 'APURIMAC'
  7: 'ABANCAY'
  8: 'ABANCAY'
  9: '030101'
[2025-10-29 16:59:05] CLIENTE GUARDADO EN BD:
Array
(
    [id_cliente] => 48
    [tipo_documento] => 1
    [numero_documento] => 72885522
    [razon_social] => RENAN SEBASTIAN TUBILLA CASANOVA
    [nombre_comercial] => 
    [direccion] => AV. DIAZ BARCENAS N° 233
    [telefono] => 
    [email] => 
    [ubigeo] => 030101
    [departamento] => APURIMAC
    [provincia] => ABANCAY
    [distrito] => ABANCAY
    [activo] => 1
    [created_at] => 2025-10-29 16:59:05
    [updated_at] => 2025-10-29 16:59:05
)

================================================================================
