[2025-11-12 16:46:35] Buscando comprobante ID: 118
[2025-11-12 16:46:35] Resultado: Array
(
    [id_comprobante] => 118
    [tipo_comprobante] => 01
    [fecha_emision] => 2025-11-12
    [serie] => F001
    [correlativo] => 88900
    [estado_sunat] => RECHAZADO
)

[2025-11-12 16:48:17] Buscando comprobante ID: 119
[2025-11-12 16:48:17] Resultado: Array
(
    [id_comprobante] => 119
    [tipo_comprobante] => 01
    [fecha_emision] => 2025-11-12
    [serie] => FPP1
    [correlativo] => 88901
    [estado_sunat] => PENDIENTE
)

[2025-11-15 03:51:40] Buscando comprobante ID: 120
[2025-11-15 03:51:40] Resultado: Array
(
    [id_comprobante] => 120
    [tipo_comprobante] => 01
    [fecha_emision] => 2025-11-14
    [serie] => FPP1
    [correlativo] => 100001
    [estado_sunat] => PENDIENTE
)

[2025-11-15 13:46:18] Buscando comprobante ID: 121
[2025-11-15 13:46:18] Resultado: Array
(
    [id_comprobante] => 121
    [tipo_comprobante] => 07
    [fecha_emision] => 2025-11-15
    [serie] => FN01
    [correlativo] => 5
    [estado_sunat] => PENDIENTE
)

[2025-11-15 13:49:28] Buscando comprobante ID: 122
[2025-11-15 13:49:28] Resultado: Array
(
    [id_comprobante] => 122
    [tipo_comprobante] => 01
    [fecha_emision] => 2025-11-15
    [serie] => F001
    [correlativo] => 88901
    [estado_sunat] => PENDIENTE
)

[2025-11-15 13:50:51] Buscando comprobante ID: 123
[2025-11-15 13:50:51] Resultado: Array
(
    [id_comprobante] => 123
    [tipo_comprobante] => 07
    [fecha_emision] => 2025-11-15
    [serie] => FN01
    [correlativo] => 6
    [estado_sunat] => PENDIENTE
)

[2025-11-15 15:13:46] Buscando comprobante ID: 124
[2025-11-15 15:13:46] Resultado: Array
(
    [id_comprobante] => 124
    [tipo_comprobante] => 07
    [fecha_emision] => 2025-11-15
    [serie] => FN01
    [correlativo] => 7
    [estado_sunat] => PENDIENTE
)

[2025-11-15 15:25:48] Buscando comprobante ID: 125
[2025-11-15 15:25:48] Resultado: Array
(
    [id_comprobante] => 125
    [tipo_comprobante] => 03
    [fecha_emision] => 2025-11-15
    [serie] => B001
    [correlativo] => 67
    [estado_sunat] => PENDIENTE
)

[2025-11-15 15:34:49] Buscando comprobante ID: 125
[2025-11-15 15:34:49] Resultado: Array
(
    [id_comprobante] => 125
    [tipo_comprobante] => 03
    [fecha_emision] => 2025-11-15
    [serie] => B001
    [correlativo] => 67
    [estado_sunat] => ACEPTADO
)

[2025-11-15 16:04:08] Buscando comprobante ID: 126
[2025-11-15 16:04:08] Resultado: Array
(
    [id_comprobante] => 126
    [tipo_comprobante] => 01
    [fecha_emision] => 2025-11-15
    [serie] => F001
    [correlativo] => 88902
    [estado_sunat] => PENDIENTE
)

[2025-11-15 16:06:55] Buscando comprobante ID: 127
[2025-11-15 16:06:55] Resultado: Array
(
    [id_comprobante] => 127
    [tipo_comprobante] => 07
    [fecha_emision] => 2025-11-15
    [serie] => FN01
    [correlativo] => 8
    [estado_sunat] => PENDIENTE
)

[2025-11-15 16:08:25] Buscando comprobante ID: 128
[2025-11-15 16:08:25] Resultado: Array
(
    [id_comprobante] => 128
    [tipo_comprobante] => 07
    [fecha_emision] => 2025-11-15
    [serie] => FN01
    [correlativo] => 9
    [estado_sunat] => PENDIENTE
)

[2025-11-15 16:09:57] Buscando comprobante ID: 129
[2025-11-15 16:09:57] Resultado: Array
(
    [id_comprobante] => 129
    [tipo_comprobante] => 01
    [fecha_emision] => 2025-11-15
    [serie] => F001
    [correlativo] => 88903
    [estado_sunat] => PENDIENTE
)

[2025-11-15 16:11:16] Buscando comprobante ID: 130
[2025-11-15 16:11:16] Resultado: Array
(
    [id_comprobante] => 130
    [tipo_comprobante] => 08
    [fecha_emision] => 2025-11-15
    [serie] => FD01
    [correlativo] => 1
    [estado_sunat] => PENDIENTE
)

[2025-11-22 15:42:21] Buscando comprobante ID: 131
[2025-11-22 15:42:21] Resultado: Array
(
    [id_comprobante] => 131
    [tipo_comprobante] => 01
    [fecha_emision] => 2025-11-22
    [serie] => FPP1
    [correlativo] => 100002
    [estado_sunat] => PENDIENTE
)

[2025-11-22 15:42:54] Buscando comprobante ID: 132
[2025-11-22 15:42:54] Resultado: Array
(
    [id_comprobante] => 132
    [tipo_comprobante] => 01
    [fecha_emision] => 2025-11-22
    [serie] => FPP1
    [correlativo] => 100003
    [estado_sunat] => PENDIENTE
)

[2025-11-22 15:47:58] Buscando comprobante ID: 133
[2025-11-22 15:47:58] Resultado: Array
(
    [id_comprobante] => 133
    [tipo_comprobante] => 07
    [fecha_emision] => 2025-11-22
    [serie] => FN01
    [correlativo] => 10
    [estado_sunat] => PENDIENTE
)

[2025-11-22 15:48:30] Buscando comprobante ID: 134
[2025-11-22 15:48:30] Resultado: Array
(
    [id_comprobante] => 134
    [tipo_comprobante] => 07
    [fecha_emision] => 2025-11-22
    [serie] => FN01
    [correlativo] => 11
    [estado_sunat] => PENDIENTE
)

[2025-11-22 15:49:36] Buscando comprobante ID: 135
[2025-11-22 15:49:36] Resultado: Array
(
    [id_comprobante] => 135
    [tipo_comprobante] => 01
    [fecha_emision] => 2025-11-22
    [serie] => FPP1
    [correlativo] => 100004
    [estado_sunat] => PENDIENTE
)

[2025-11-22 15:59:19] Buscando comprobante ID: 136
[2025-11-22 15:59:19] Resultado: Array
(
    [id_comprobante] => 136
    [tipo_comprobante] => 07
    [fecha_emision] => 2025-11-22
    [serie] => FN01
    [correlativo] => 12
    [estado_sunat] => PENDIENTE
)

[2025-12-02 16:01:32] Buscando comprobante ID: 137
[2025-12-02 16:01:32] Resultado: Array
(
    [id_comprobante] => 137
    [tipo_comprobante] => 01
    [fecha_emision] => 2025-12-02
    [serie] => FPP1
    [correlativo] => 100005
    [estado_sunat] => PENDIENTE
)

[2025-12-02 16:01:53] Buscando comprobante ID: 138
[2025-12-02 16:01:53] Resultado: Array
(
    [id_comprobante] => 138
    [tipo_comprobante] => 01
    [fecha_emision] => 2025-12-02
    [serie] => FPP1
    [correlativo] => 100006
    [estado_sunat] => PENDIENTE
)

[2025-12-02 16:02:27] Buscando comprobante ID: 139
[2025-12-02 16:02:27] Resultado: Array
(
    [id_comprobante] => 139
    [tipo_comprobante] => 01
    [fecha_emision] => 2025-12-02
    [serie] => FPP1
    [correlativo] => 100007
    [estado_sunat] => PENDIENTE
)

[2025-12-02 16:04:01] Buscando comprobante ID: 140
[2025-12-02 16:04:01] Resultado: Array
(
    [id_comprobante] => 140
    [tipo_comprobante] => 01
    [fecha_emision] => 2025-12-02
    [serie] => FPP1
    [correlativo] => 100008
    [estado_sunat] => PENDIENTE
)

[2025-12-02 16:05:54] Buscando comprobante ID: 141
[2025-12-02 16:05:54] Resultado: Array
(
    [id_comprobante] => 141
    [tipo_comprobante] => 01
    [fecha_emision] => 2025-12-02
    [serie] => FPP1
    [correlativo] => 100009
    [estado_sunat] => PENDIENTE
)

[2025-12-02 16:07:11] Buscando comprobante ID: 142
[2025-12-02 16:07:11] Resultado: Array
(
    [id_comprobante] => 142
    [tipo_comprobante] => 01
    [fecha_emision] => 2025-12-02
    [serie] => FPP1
    [correlativo] => 100010
    [estado_sunat] => PENDIENTE
)

[2025-12-02 16:08:01] Buscando comprobante ID: 143
[2025-12-02 16:08:01] Resultado: Array
(
    [id_comprobante] => 143
    [tipo_comprobante] => 01
    [fecha_emision] => 2025-12-02
    [serie] => FPP1
    [correlativo] => 100011
    [estado_sunat] => PENDIENTE
)

[2025-12-02 16:10:05] Buscando comprobante ID: 144
[2025-12-02 16:10:05] Resultado: Array
(
    [id_comprobante] => 144
    [tipo_comprobante] => 01
    [fecha_emision] => 2025-12-02
    [serie] => FPP1
    [correlativo] => 100012
    [estado_sunat] => PENDIENTE
)

[2025-12-02 16:10:17] Buscando comprobante ID: 145
[2025-12-02 16:10:17] Resultado: Array
(
    [id_comprobante] => 145
    [tipo_comprobante] => 01
    [fecha_emision] => 2025-12-02
    [serie] => FPP1
    [correlativo] => 100013
    [estado_sunat] => PENDIENTE
)

[2025-12-02 16:11:09] Buscando comprobante ID: 148
[2025-12-02 16:11:09] Resultado: Array
(
    [id_comprobante] => 148
    [tipo_comprobante] => 01
    [fecha_emision] => 2025-12-02
    [serie] => FPP1
    [correlativo] => 100014
    [estado_sunat] => PENDIENTE
)

[2025-12-02 16:12:28] Buscando comprobante ID: 149
[2025-12-02 16:12:28] Resultado: Array
(
    [id_comprobante] => 149
    [tipo_comprobante] => 01
    [fecha_emision] => 2025-12-02
    [serie] => FPP1
    [correlativo] => 100015
    [estado_sunat] => PENDIENTE
)

[2025-12-02 16:13:07] Buscando comprobante ID: 150
[2025-12-02 16:13:07] Resultado: Array
(
    [id_comprobante] => 150
    [tipo_comprobante] => 01
    [fecha_emision] => 2025-12-02
    [serie] => FPP1
    [correlativo] => 100016
    [estado_sunat] => PENDIENTE
)

[2025-12-02 16:13:36] Buscando comprobante ID: 151
[2025-12-02 16:13:36] Resultado: Array
(
    [id_comprobante] => 151
    [tipo_comprobante] => 01
    [fecha_emision] => 2025-12-02
    [serie] => FPP1
    [correlativo] => 100017
    [estado_sunat] => PENDIENTE
)

[2025-12-02 16:13:44] Buscando comprobante ID: 152
[2025-12-02 16:13:44] Resultado: Array
(
    [id_comprobante] => 152
    [tipo_comprobante] => 01
    [fecha_emision] => 2025-12-02
    [serie] => FPP1
    [correlativo] => 100018
    [estado_sunat] => PENDIENTE
)

[2025-12-02 16:14:43] Buscando comprobante ID: 153
[2025-12-02 16:14:43] Resultado: Array
(
    [id_comprobante] => 153
    [tipo_comprobante] => 01
    [fecha_emision] => 2025-12-02
    [serie] => FPP1
    [correlativo] => 100019
    [estado_sunat] => PENDIENTE
)

[2025-12-02 16:15:32] Buscando comprobante ID: 154
[2025-12-02 16:15:32] Resultado: Array
(
    [id_comprobante] => 154
    [tipo_comprobante] => 03
    [fecha_emision] => 2025-12-02
    [serie] => BPP1
    [correlativo] => 1
    [estado_sunat] => PENDIENTE
)

[2025-12-02 16:17:09] Buscando comprobante ID: 155
[2025-12-02 16:17:09] Resultado: Array
(
    [id_comprobante] => 155
    [tipo_comprobante] => 01
    [fecha_emision] => 2025-12-02
    [serie] => FPP1
    [correlativo] => 100020
    [estado_sunat] => PENDIENTE
)

[2025-12-02 16:19:02] Buscando comprobante ID: 156
[2025-12-02 16:19:02] Resultado: Array
(
    [id_comprobante] => 156
    [tipo_comprobante] => 01
    [fecha_emision] => 2025-12-02
    [serie] => FPP1
    [correlativo] => 100021
    [estado_sunat] => PENDIENTE
)

[2025-12-02 16:19:22] Buscando comprobante ID: 157
[2025-12-02 16:19:22] Resultado: Array
(
    [id_comprobante] => 157
    [tipo_comprobante] => 01
    [fecha_emision] => 2025-12-02
    [serie] => FPP1
    [correlativo] => 100022
    [estado_sunat] => PENDIENTE
)

[2025-12-02 16:23:47] Buscando comprobante ID: 158
[2025-12-02 16:23:47] Resultado: Array
(
    [id_comprobante] => 158
    [tipo_comprobante] => 01
    [fecha_emision] => 2025-12-02
    [serie] => FPP1
    [correlativo] => 100023
    [estado_sunat] => PENDIENTE
)

