[2025-12-21 18:32:44] Intentando enviar comprobante ID: 167
[2025-12-21 18:32:44] Datos obtenidos: Array
(
    [id_comprobante] => 167
    [tipo_comprobante] => 03
    [fecha_emision] => 2025-12-21
    [serie] => BPP1
    [correlativo] => 2
    [estado_sunat] => PENDIENTE
    [estado_documento] => ACTIVO
    [total] => 1.00
    [op_gravadas] => 0.85
    [igv] => 0.15
    [observaciones] => 
    [dias_transcurridos] => 0
)

[2025-12-21 18:33:50] Intentando enviar comprobante ID: 168
[2025-12-21 18:33:50] Datos obtenidos: Array
(
    [id_comprobante] => 168
    [tipo_comprobante] => 01
    [fecha_emision] => 2025-12-21
    [serie] => FPP1
    [correlativo] => 100304
    [estado_sunat] => PENDIENTE
    [estado_documento] => ACTIVO
    [total] => 1.00
    [op_gravadas] => 0.85
    [igv] => 0.15
    [observaciones] => 
    [dias_transcurridos] => 0
)

[2025-12-21 18:38:19] Intentando enviar comprobante ID: 169
[2025-12-21 18:38:19] Datos obtenidos: Array
(
    [id_comprobante] => 169
    [tipo_comprobante] => 01
    [fecha_emision] => 2025-12-21
    [serie] => FPP1
    [correlativo] => 100305
    [estado_sunat] => PENDIENTE
    [estado_documento] => ACTIVO
    [total] => 1.00
    [op_gravadas] => 0.85
    [igv] => 0.15
    [observaciones] => 
    [dias_transcurridos] => 0
)

[2025-12-21 18:58:07] Intentando enviar comprobante ID: 170
[2025-12-21 18:58:07] Datos obtenidos: Array
(
    [id_comprobante] => 170
    [tipo_comprobante] => 01
    [fecha_emision] => 2025-12-21
    [serie] => FPP1
    [correlativo] => 100306
    [estado_sunat] => PENDIENTE
    [estado_documento] => ACTIVO
    [total] => 1.00
    [op_gravadas] => 0.85
    [igv] => 0.15
    [observaciones] => 
    [dias_transcurridos] => 0
)

[2025-12-21 19:04:09] Intentando enviar comprobante ID: 171
[2025-12-21 19:04:09] Datos obtenidos: Array
(
    [id_comprobante] => 171
    [tipo_comprobante] => 01
    [fecha_emision] => 2025-12-21
    [serie] => FPP1
    [correlativo] => 100307
    [estado_sunat] => PENDIENTE
    [estado_documento] => ACTIVO
    [total] => 1.00
    [op_gravadas] => 0.85
    [igv] => 0.15
    [observaciones] => 
    [dias_transcurridos] => 0
)

[2025-12-21 19:15:35] Intentando enviar comprobante ID: 172
[2025-12-21 19:15:35] Datos obtenidos: Array
(
    [id_comprobante] => 172
    [tipo_comprobante] => 03
    [fecha_emision] => 2025-12-21
    [serie] => BPP1
    [correlativo] => 100003
    [estado_sunat] => PENDIENTE
    [estado_documento] => ACTIVO
    [total] => 1.00
    [op_gravadas] => 0.85
    [igv] => 0.15
    [observaciones] => 
    [dias_transcurridos] => 0
)

[2026-03-17 19:37:31] Intentando enviar comprobante ID: 2883
[2026-03-17 19:37:31] Datos obtenidos: Array
(
    [id_comprobante] => 2883
    [tipo_comprobante] => 01
    [fecha_emision] => 2026-03-17
    [serie] => FPP1
    [correlativo] => 9000014
    [estado_sunat] => PENDIENTE
    [estado_documento] => ACTIVO
    [total] => 1.00
    [op_gravadas] => 0.85
    [igv] => 0.15
    [observaciones] => 
    [dias_transcurridos] => 0
)

[2026-03-17 19:40:02] Intentando enviar comprobante ID: 2884
[2026-03-17 19:40:02] Datos obtenidos: Array
(
    [id_comprobante] => 2884
    [tipo_comprobante] => 01
    [fecha_emision] => 2026-03-17
    [serie] => FPP1
    [correlativo] => 9000015
    [estado_sunat] => PENDIENTE
    [estado_documento] => ACTIVO
    [total] => 1.00
    [op_gravadas] => 0.85
    [igv] => 0.15
    [observaciones] => 
    [dias_transcurridos] => 0
)

[2026-03-17 19:40:34] Intentando enviar comprobante ID: 2885
[2026-03-17 19:40:34] Datos obtenidos: Array
(
    [id_comprobante] => 2885
    [tipo_comprobante] => 01
    [fecha_emision] => 2026-03-17
    [serie] => FPP1
    [correlativo] => 9000016
    [estado_sunat] => PENDIENTE
    [estado_documento] => ACTIVO
    [total] => 1.00
    [op_gravadas] => 0.85
    [igv] => 0.15
    [observaciones] => 
    [dias_transcurridos] => 0
)

[2026-03-17 19:40:44] Intentando enviar comprobante ID: 2886
[2026-03-17 19:40:44] Datos obtenidos: Array
(
    [id_comprobante] => 2886
    [tipo_comprobante] => 01
    [fecha_emision] => 2026-03-17
    [serie] => FPP1
    [correlativo] => 9000017
    [estado_sunat] => PENDIENTE
    [estado_documento] => ACTIVO
    [total] => 1.00
    [op_gravadas] => 0.85
    [igv] => 0.15
    [observaciones] => 
    [dias_transcurridos] => 0
)

